topleft=1,1
level=0
--
!!!!!!!!!!!!!!'!!!'!!!!!!!'!!!!!!!!!!!!!
!!!!!!!!!!!!!!'!!'|'!!!!!!'!!!!!!'!!!!!!
!!!!!!!!!!!!!!'!!!'!!!!!!!'!!!!!'|'!!!!!
!!!!!!'!!!!!!!'!!!!!!!!!!!'!!!!!!'!!!!!!
!!!!!'Y'!!!!!!'!!!!!!!!!!!'!!!!!!!!!!!!!
''''''''''''''''''''''''''''''''''''''''
!!!!!!!!!!!!!!'!!!!!!!!!!!'!!!!!!!!!!!!!
!!!!!!!!!!!!!!'!'!!!!!!!!!'!!!!!!!!!!!!!
!!!!'!!!!!!!!!''|'!!!!!!!!'!!!!!!!!!!!!!
!!!'|'!!!!!!!!'!'!!!!!!!!!'!!!!!!'!!!!!!
!!!!'!!!!!!!!!'!!!!!!!!!!!'!!!!!'|'!!!!!
!!!!!!!!!!!!!!'!!!!!!!!!!!'!!!!!!'!!!!!!
''''''''''''''''''''''''''''''''''''''''
''''''''''''''#####+++#####''''''''Y''''
''''|'''''''''#ppppppppppp#'''''''''''''
'''''''''''|''#           #''''''|''''''
''''''''''''''[           ['''''''''''''
''|'''''''|'''#           #''''|'''''|''
''''''''''''''#           #'''''''''''''
###+####+####[######[######[###+#####+##
#L    #    #                 #    #   L#
#     #    #    #       #    #    #    #
#     #    [   ###     ###   [    #    #
#     #    #    #       #    #         #
#          #        ~        #    #    #
#     #   I#       ~~~       #I   #    #
############      ~~~~~      ###########
#     #   I#     ~~~ ~~~     #I   #    #
#          #      ~~~~~      #    #    #
#     #    #       ~~~       #         #
#     #    #    #   ~   #    #    #    #
#     #    [   ###     ###   [    #    #
#     #    #    #       #    #    #    #
#L    #    #                 #    #   L#
###+#####+#####+++#[[[#+++######+####+##
''''''''''''''''''''@'''''''''''''''''''
'''|''''''''''|''''''''''''|'''''''|''''
'''''''''Y''''''''''''''''''''''''''''''
'''''|'''''''''''''''''''|'''''|'''''|''
'''''''''''''''|'''''''''''''''''''''''|