topleft=1,1
botright=44,44
level=0
--
''''''###################''||||||||||||||||'
''''''#L     #I  [      [==========||||||||'
''''''#l     [   ###+####''|||||||=====||||'
|'''''+      ##+##''''''||||||||||||||==|||'
||''''# hA   #'''''''''||||||||||||||||=|||'
|||'''#      #''''''''||||||||'''''*''|=|||'
||||''###+##[#'''''|||||||||'''''''''''=''''
|||||''''''======'||||||||'''''''''''''=''''
||||||###''=''*'============'''''''''''=''''
||||||# #''='**''||||||||''=###+#######=''|'
|||||##[###[#''''''|||||'''=#Lrrr#DDDD#=''''
|||||#l    r#''''''''|||'''=###[##DDDD#=''|'
|||||#      ###'''''||||'''=+    #DDDD#=''''
|||### hA   [ #'''|||||''''=#p  L#    #=''|'
|||# [      #####'||||'''''=##[#####[##=''''
|||######[###  L#|*''''''''=[    #    #=''''
|||||#l     [  l#***'''''''=#    #    #=''''
||####      #####'*'''''''==+    [  Ah+=''''
||#l [      #||||''''''''=='# h  #    #=''''
||#r #p    r[============='|##E###    [=''''
||#[####+####|||||''''''''||###########=''''
|||'|'''''''|||||'''''''''''|||||||''''=''''
||''|''''''''''''''''''''''''''|||||'''=''''
||'||''*''**'''*''**''***''*''''||||'''=''''
||'||'*'*'*'*'*'*'*'*''*''*'*'''|||||''=''''
||'||'***'**''*'*'**'''*''*'*''|||||'''=''''
||'||'*'*'*''''*''*'*''*'''*''''||||'''=''''
||'||''''''''''''''''''''''''''''''''''=''''
||'||''''''''''''''######+#######+####'=''''
||''||'''''''''''''#D [    p#p  h  p##'=''''
||''||||***''''''######     #  hAh  f#'=''''
|||'''||||**'''''#rrrr#     #   h   ##'=''''
||||'''||'|**''''+    [     [       P#'=''''
||||||'|||**'''''#l   ###+###       ##'=''''
||||'#[########''#L   #'''''#  rrr   #'=''''
|||''#       L#''######'''''#  rrr   #'=''''
||'''#[#####+##'''''''''''''#p rrr   #'=''''
|''''+  h  #''''''''''''''''#####+##[#'=''''
'''''#  A  #''''''''''''''''''''''''=''=''''
'''''#  r  [=======@====================''''
'''''#######''''''''''''''''''''''''''''''''
''''''''''''''''''''''''''''''''''''''''''''
''''''''''''''''''''''''''''''''''''''''''''
''''''''''''''''''''''''''''''''''''''''''''