topleft=1,1
level=0
--
'''*''''''*''''''''''''''''*''''''''''''
'''''''''''''''''''''*''''''''''*'''''''
''''*''''''''*''''''''''''''''''''''''*'
''''''''''''''''''*''''''''''*''''''''''
'''*''''''*''''''''''''''''*'''''''##+##
''''''''''''''''''''###+###'''''*''#p p#
''''*''''''''*''''''#p h p#''''''''#   #
''''''''''''''''''*'# hAh #''*'''''#   #
'''''''####+#########  h  ##########   #
'''''''#I       [             p#p      #
'''''''#        #              [       #
'###+###[######[#p   p###########      #
'#l       #     ###f###'''''''''#      #
'#Ld      #     #######'#######'##P#P# #
'##########d  lL#'''''''# hAh #'######[#
''''''''''###+###'#######  h  #'##''''''
#########'''''''''[     [     #''''#####
##      ###########     #     #######f##
#E      [     ##P##     #     #    [   #
#E      #  A  [   #     #     [    #   #
#E     I#     #   [     #     #    #   #
#E   ######+###]######[###############[#
## lL#'''''''''='''''#        +========'
##+###'####+###=######I       #=########
'''''''#p     #=#Ll d#p    dlL#=#Ll  hA#
##+#####  h   #=#rrrr##########=#  r   #
#p     [      #=#            p+=+      #
####[######[###=#  ##[#########=###[####
#  [ [  #=======#  #p  p#=======#     ]=
#I # # I#=####[###]#    [=#####[#  r  #=
####[####=#p           h#=#     #     #=
#L     l#=#           hA#=#     [     #=
####+####=####+##########=###+#####+###=
'''''''''='''''''''''''''='''''''''''''=
'''''''''===============================
''''''''''''''''''''@''''''''''''''*''''
'''*''''''*''''''''''''''''*''''''''''''
'''''''''''''''''''''*''''''''''*'''''''
''''*''''''''*''''''''''''''''''''''''*'
''''''''''''''''''*''''''''''*''''''''''