topleft=1,1
level=0
--
''''''''''''F'''''''''''''''''''''''''''
YYY'''''''''F''####################'''''
Y'Y'''''''''F''#L  l#             #'''''
YYY'''''''''F''#    #   #++#      #'''''
F#####[######''#    #   #''####[###+###'
'#          #''#    ##[##''#          #'
'#   ####   #''#[####   #''#   ####   #'
'#   #''#   #''#        +''#   #'=]   #'
'##[##''##[##''##########''#####'=#####'
''''''''''''''''''''==============''''''
'######+############[############+#####'
'##          [     #r]       [     rr##'
O#P          #     #r#       #     rrf#'
'##   ########     [r##[######d    rr##'
'#P   #D     #     #]#       #I    lL##'
'##   #   ##########r[       ###[######'
'#P   #   [        #r#       #        #'
'##   #   #  h     #r#########        #'
|###[###[##        [r#p hhh I#####    #O
|#     #  #EEEEEEEE#r# hAAAh    p#    #|
|#l    #  ##########]#  hhh      ##[###|
|#d    #    [      #r#      ####[#    #|
'#L    [    #      ]r[      #         #'
'###################[##################'
'#L  [           #p r p#              #'
'#d  #   d##[#####  r  #        #####[#'
'#l  ######      ]  r  [    #####L    #'
'#    I#l #p  #[####]########l  #d    #'
'#     #  #####  [  r  [        #l    #'
'#     #      ######]######[#   #     #'
'#####[#   ##[#  [  r  #d   #####     #'
'#D        #l    #  r  ]        [     #'
'######+###########[[[#####+###########'
''''''''''''''''''''''''''''''''''''''''
###################[[[##################
''''''''''''''''''''@'''''''''''''''''''
'''''''''''''|''''''='''''''''|''''''|''
''''''|'''''''''''''='''|'''''''''''''''
''''''''''''''''''''=='''''''''''|''''''
''|''''''''|''''''''|=''''''''''''''''''
'''''''''''''''''''''=''''''''''|'''''''