topleft=1,1
level=0
--
~~~~~~~~~~~~~~~~~~~~~~~~~~~~~~~~~~~~~~~~
~~~~!!!!!'''''''''''''''''''Y'''||||~~~~
~~''!!!!!''''Y''''''*'''''''''''||||''~~
~~''!!!!!'''''''''''''''''Y'''''||||''~~
~'''!!!!!''''''Y''''''''''''''''||||'''~
~'##################[#################'~
~'#l                                l#'~
~'#                 =                #'~
~'#    ====         =       =        #'~
~'#       =         =      ===       #'~
~'#    =======   =====    =====      #'~
~'#       =       =        ===       #'~
~'#       =       =         =        #'~
~'#                                  #'~
~'#       =                 =        #'~
~'#       =====    ==     =====      #'~
~'#       =       ====      =        #'~
~'#       = ==            =====      #'~
~'#       ===     ====      =        #'~
~'#       ==       ==                #'~
~'#l                                l#'~
~'##################[#################'~
~'#####f#####P#f#P## ####P#######f####'~
~'#dLl     #       [ #       #  rrr  #'~
~'+   rr   #   h   # #  rr   #  rrr  +'~
~'#   rr   #       # #  rr   #      l#'~
~'#        #       # [       #      L#'~
~'#I       [      p# #       [      I#'~
~'#######[##[####### ######[##[#######'~
~'#       [     DDD# #p     [       E#'~
~'#       #      DD# #      #   A   E#'~
~'#D      #       D# #      #  hA   f#'~
~'#DD     #        [ [      #   A   E#'~
~'#DDD    #        # #      #l      E#'~
~'####+########+####[####+#######+####'~
~'''''''''''''''''''@''''''''''''''''''~
~~''''''''''''''''''='''''''''''''''''~~
~~~''''''''''''''''=='''''''''''''''''~~
~~~~''''''''''''''=='''''''''''''''''~~~
~~~~~~''''''''''''=''''''''''''''''~~~~~
~~~~~~~~~~~~~~~~~~~~~~~~~~~~~~~~~~~~~~~~