topleft=1,1
level=0
--
MMMMMMMMMMMMMMMMMMMMMMMMMMMMMMMMMMMMMMMM
MMMMM''''''''''''''''''''''''''''''MMMMM
MMM'''''''!!!!!!!!''''''''''''n'''''''MM
MM'''''''''''''''''''|||||'''''''''''''M
M'''''''''!!!!!!!!'''''|||||''''''n''''M
M''''''''''''''''''''''''|||||'''''''''M
''''''''''!!!!!!!!''''''''''|||||'''''''
'''''n'''''''''''''''''''''''''|||||''''
''''''''''!!!!!!!!''''''''''''########''
''''''''''''''''''''''''''''''[  lLLl#''
''n'''''''!!!!!!!!''''''''''''#   rrr#''
''''''''''''''''''''''''''''''### rrr#''
''''''''''''''''''''''|'''''''''+    #''
''''####[###'''''''''|||''''''''####[#''
''''#Ll    #''''''''||||'''''''''''# #''
''''#      #''''''''''|||''''''''''# #''
''''## rr  #'''''''''''||||''''''''# #''
'''''# rr  ##########''''''''''''''# #''
'''''#        [    h#''###+####''''# #''
'''''##########    A#''##    p##+### #''
'''''#             h#''##     [    [ #''
'''''##[#############''#f     ###### #''
'''''''''''''''''''''''##     [    ###''
'''''''''''''''''''''''##    p#    +''''
'''''#######'''''''''''#########  p#####
'''''# hAh #'''''''''''''''''''#[###DDD#
##+###     #'''''''''''''''''''#    DDD#
#p   [     +''''''''''##+##''''#    ####
#    #     #''''''''''[  h#''''#    #'''
#L  l#     #''''''#####  h#''''#    ['''
########[###''''''#h     h#''''##+###'''
''''''''''''''''''#h  #####'''''''''''''
'''''#########''''#h  [''''''''|||''''''
'''''#D [    #''''##+##'''''''''|||'''''
M''''#### A  +'''''''''''''''''''|||'''M
MMM'''''# A  #''''''@'''''''''''''''''MM
MMMM'|||# A  [''''''''''''''n''''''MMMMM
MMMMMM||######'''''''n''''''''''MMMMMMMM
MMMMMMMM|''''''''''''''''''MMMMMMMMMMMMM
MMMMMMMMMMMMMMMMMMMMMMMMMMMMMMMMMMMMMMMM