topleft=1,1
botright=41,41
level=0
-
#############P###########################
#   S   #   # ]           [ t     #     #
## ## ### # # #S##S#####S## t ttt #   # #
## ##   S # S #SSSS##\ SS##   t   #   # #
## ## ### # # #########S#######]###]### #
## ##   # # # [       #S#S#SSS# ### #   #
##S############ ##### #SSSSS#S# #m# # # #
#               #     #####S#S#     # # #
#################[###########S####### # #
#oX     # # #   t   #       #S#   #   # #
# ##### #S#S# # ttt # ##### #S#S###[#####
# #%# #   #   #   t # #m  # #S# T T T T #
# #[#S### # #m### t # ### # # #T T T T T#
# #       # #####   #   # # #\# T T T T #
#X######### ########### # # #######]#####
#o        Xo###       #   # #           #
############### ##### ##### #           #
#         ##### #   # #     #           #
# #######       ### # # #######         #
# # # S # #####     # #       [         #
# #   # ###   ####### #########         #
# ### # #r# #   # \ # #     #######[#####
# #   # # # ### # # # # ### #####'''''''#
# S # # # # ### > G S # #   #   #'''''''#
# ##### # # ### ##### # #]#m# # #'''''''#
# #     # #   #     #t# #%### # ###m#####
#]# ### #S### ####S## # ###   # #########
#]# #m# #   #   ## m# #>#   ###   #'''''#
#]# ### # # ##   #### #G# ####### #'''''#
#]#     # #  ###      #>#   ##### #'''''#
# ### ### ## ##########G### ##### #[#####
# ZT# #   #     #r# ###     #     #     #
# ### # ####### # # ###BBB### ########  #
# # # #       # S #   #####   #      #  #
# # # ###S### ####### ##### ### #[####  #
# #     # #   #     #     #   # #       #
# #######r# ###[### ##### ### # ######  #
# #r    ### #T   T# ]   #     # S    #  #
# #####S#   #     ##m   ####### ######  #
#         # #T   T###           #       #
#########################################
-
topleft=22,1
botright=35,6
level=1
-
##############
    t_       #
######       #
$$$$$#       #
$$$$$#####]###
$$$$$$$$$###$$
-
topleft=1,9
botright=12,17
level=1
-
$#####$$$$$$
$#  T#$$$$$$
$#####$$$$$$
$$$$$$$$$$$$
$###$$$$###$
##T#$$$$#\#$
#  #$$$##S##
##b#$$$#T  #
$###$$$#####