topleft=1,1
botright=80,41
level=0
--
######m##################################$$#####$$$$$$$$$$$$$$$$$$$$$$$$$$$$$$$$
#%     o  Z       #          Z X#       #$$#T ##$$$$$$$$$$$$$$$$$$$$$$$$$$$$$$$$
#######S#Z####### # ############# ### # #$$#####$$$$$$$$$$$$$$$$$$$$$$$$$$$$$$$$
#     # # #       #       #       #   # #$$$$$$$$$$$$$$$$$$$$$$$$$$$$$$$$$$$$$$$
#     # # # ####### ####### # ##### ### #$$$$$$$$$$$$$$$$$$$$$$$$$$$$$$$$$$$$$$$
###[### # #       #         #     # #   #$$$$$$$$$$$$$$$$$$$$$$$$$$$$$$$$$$$$$$$
# # #m# # ####### ############### # # ###$$$$###########$$$$$$$$$$$$$$$$$$$$$$$$
# #     # #     #     #     #   # # #   #$$$$#'''''''''#$$$$$$$$$$$$$$$$$$$$$$$$
# ####### # ##### ### ##### # # ### ### #$$$$#'|||||||'#$$$$$$$$$$$$$$$$$$$$$$$$
#     # # #         #     # # # #   #   #$$$$#'|||Q|||'#$$$$$$$$$$$$$$$$$$$$$$$$
# ### # # ############### # # # # # # ###$$$$#'||Q=Q||'#$$$$$$$$$$$$$$$$$$$$$$$$
# # #   #   #       #X  #   # # # # #   #$$$$#'|Q===Q|'#$$$$$$$$$$$$$$$$$$$$$$$$
# # ####### # # ### ###Z# ### # # # ### #$$$$#'||Q=Q||'#$$$$$$$$$$$$$$$$$$$$$$$$
#   #     # # # #   #   #     #   #   # #$$$$#'|||Q|||'#$$$$$$$$$$$$$$$$$$$$$$$$
### # ### # # # # ### ############### # #$$$$#'|||||||'#$$$$$$$$$$$$$$$$$$$$$$$$
#   # #   #   # #   # #           #   # #$$$$#'''''''''#$$$$$$$$$$$$$$$$$$$$$$$$
# # # # ####### ### # # ######### # ### #$$$$###########$$$$$$$$$$$$$$$$$$$$$$$$
# #   # # # #   #   # #   #     #   #   #$$$$$$$$$$$$$$$$$$$$$$$$$$$$$$$$$$$$$$$
# ##### ##### ### ### ##### ### ##### ###$$$$$$$$$$$$$$$$$$$$$$$$$$$$$$$$$$$$$$$
# #   #       # # # #     #   # #   #   #$$$$$$$$$$$$$$$$$$$$$$$$$$$$$$$$$$$$$$$
# ### # # ####### # # ### ### # # # ### #$$$$$$$$$$$$$$$$$$$$$$$$$$$$$$$$$$$$$$$
# #   # #       # # #   #   # #   #   # #$$$$$$$$$$$$$$$$$$$$$$$$$$$$$$$$$$$$$$$
# # ### ####### # # ####### # ##### ### #$$$$$$$$$$$$$$$$$$$$$$$$$$$$$$$$$$$$$$$
#   # #   #     #   #hAh#   # #     #   #$$$$$$$$$$$$$$$$$$$$$$$$$$$$$$$$$$$$$$$
# ### ### ###########L  # ### # ##### ###$$$$$$$$$$$$$$$$$$$$$$$$$$$$$$$$$$$$$$$
#       #   #     Z #  p#     #   # # # #$$$$$$$$$$$$$$$$$$$$$$$$$$$$$$$$$$$$$$$
####### ### # ##### #GP## ####### # # # #$$$$$$$$$$$$$$$$$$$$$$$$$$$$$$$$$$$$$$$
#         #   #   #X#T###       #   # # #$$$$$$$$$$$$$$$$$$$$$$$$$$$$$$$$$$$$$$$
# ############# # ##### # ####### # # # #$$$$$$$$$$$$$$$$$$$$$$$$$$$$$$$$$$$$$$$
#     # Z     # # #   # # #     # # #   #$$$$$$$$$$$$$$$$$$$$$$$$$$$$$$$$$$$$$$$
##### # ##### # # # # # ### ### ### # # #$$$$$$$$$$$$$$$$$$$$$$$$$$$$$$$$$$$$$$$
#   # #X#     # #   # #   #   #     # # #$$$$$$$$$$$$$$$$$$$$$$$$$$$$$$$$$$$$$$$
### # ### # ### ##### # # ####### ### ###$$$$$$$$$$$$$$$$$$$$$$$$$$$$$$$$$$$$$$$
#   #   # # # #     #   #       #   #   #$$$$$$$$$$$$$$$$$$$$$$$$$$$$$$$$$$$$$$$
# # ### # # # # # ############# ### ### #$$$$$$$$$$$$$$$$$$$$$$$$$$$$$$$$$$$$$$$
# # # #   # # # #   #X  #     #     #   #$$$$$$$$$$$$$$$$$$$$$$$$$$$$$$$$$$$$$$$
# # # # # # # # ### ###Z# ### # ##### ###$$$$$$$$$$$$$$$$$$$$$$$$$$$$$$$$$$$$$$$
# # #   # #   # # #     # #   #       # #$$$$$$$$$$$$$$$$$$$$$$$$$$$$$$$$$$$$$$$
# ### ######### # ####### ##### ####### #$$$$$$$$$$$$$$$$$$$$$$$$$$$$$$$$$$$$$$$
#             #         #               #$$$$$$$$$$$$$$$$$$$$$$$$$$$$$$$$$$$$$$$
#########################################$$$$$$$$$$$$$$$$$$$$$$$$$$$$$$$$$$$$$$$
-
topleft=1,1
botright=41,41
level=1
-
######m##################################
#%     o  Z       #          Z#o#       #
#######S#Z####### # ############# ### # #
#     # # #       #       #       #   # #
#     # # # ####### ####### # ##### ### #
###[### # #       #         #     # #   #
# # #m# # ####### ############### # # ###
# #     # #     #     #     #   # # #   #
# ####### # ##### ### ##### # # ### ### #
#     # # #         #     # # # #   #   #
# ### # # ############### # # # # # # ###
# # #   #   #       #o# #   # # # # #   #
# # ####### # # ### ###Z# ### # # # ### #
#   #     # # # #   #   #     #   #   # #
### # ### # # # # ### ############### # #
#   # #   #   # #   # #           #   # #
# # # # ####### ### # # ######### # ### #
# #   # # # #   #   # #   #     #   #   #
# ##### ##### ### ### ##### ### ##### ###
# #   #       # # # #     #   # #   #   #
# ### # # ####### # # ### ### # # # ### #
# #   # #       # # #   #   # #   #   # #
# # ### ####### # # ####### # ##### ### #
#   # #   #     #   #hAh#   # #     #   #
# ### ### ###########L  # ### # ##### ###
#       #   #     Z #  p#     #   # # # #
####### ### # #######GP## ####### # # # #
#         #   #   #o#T###       #   # # #
# ############# # ##### # ####### # # # #
#     # Z     # # #   # # #     # # #   #
##### ####### # # # # # ### ### ### # # #
#   # #o#     # #   # #   #   #     # # #
### # ### # ### ##### # # ####### ### ###
#   #   # # # #     #   #       #   #   #
# # ### # # # # # ############# ### ### #
# # # #   # # # #   #o# #     #     #   #
# # # # # # # # ### ###Z# ### # ##### ###
# # #   # #   # # #     # #   #       # #
# ### ######### # ####### ##### ####### #
#             #         #               #
#########################################