topleft=1,1
botright=41,41
level=0
--
#####mm##################################
#%    o   Z       #          Z X#       #
#######S#Z####### # ############# ### # #
#     # # #       #       #       #   # #
#     # # # ####### ####### # ##### ### #
###[### # #       #         #     # #   #
# # #m# # ####### ############### # # ###
# #     # #     #     #     #   # # #   #
# ####### # ##### ### ##### # # ### ### #
#     # # #         #     # # # #   #   #
# ### # # ############### # # # # # # ###
# # #   #   #       #X  #   # # # # #   #
# # ####### # # ### ###Z# ### # # # ### #
#   #     # # # #   #   #     #   #   # #
### # ### # # # # ### ############### # #
#   # #   #   # #   # #           #   # #
# # # # ####### ### # # ######### # ### #
# #   # # # #   #   # #   #     #   #   #
# ##### ##### ### ### ##### ### ##### ###
# #   #       # # # #     #   # #   #   #
# ### # # ####### # # ### ### # # # ### #
# #   # #       # # #   #   # #   #   # #
# # ### ####### # # ####### # ##### ### #
#   # #   #     #   #hAh#   # #     #   #
# ### ### ###########L  # ### # ##### ###
#       #   #     Z #  p#     #   # # # #
####### ### # ##### #GP## ####### # # # #
#         #   #   #X#T###       #   # # #
# ############# # ##### # ####### # # # #
#     # Z     # # #   # # #     # # #   #
##### # ##### # # # # # ### ### ### # # #
#   # #X#     # #   # #   #   #     # # #
### # ### # ### ##### # # ####### ### ###
#   #   # # # #     #   #       #   #   #
# # ### # # # # # ############# ### ### #
# # # #   # # # #   #X  #     #     #   #
# # # # # # # # ### ###Z# ### # ##### ###
# # #   # #   # # #     # #   #       # #
# ### ######### # ####### ##### ####### #
#             #         #               #
#########################################
-
topleft=1,1
botright=41,41
level=1
-
#########################################
# T#                          #o#       #
####                          ###       #
#                                       #
#                                       #
#                                       #
#                                       #
#                                       #
#                                       #
#                                       #
#                   ###                 #
#                   #o#                 #
#                   ###                 #
#                                       #
#                                       #
#                                       #
#                                       #
#                                       #
#                                       #
#                                       #
#                                       #
#                                       #
#                                       #
#                                       #
#                                       #
#                                       #
#                 ###                   #
#                 #o#                   #
#                 ###                   #
#                                       #
#     ###                               #
#     #o#                               #
#     ###                               #
#                                       #
#                   ###                 #
#                   #o#                 #
#                                       #
#                                       #
#                                       #
#                                       #
#########################################
-
topleft=1,1
botright=11,11
level=2
-
###########
#'''''''''#
#''''Q''''#
#''Q===Q''#
#''=====''#
#'Q=====Q'#
#''=====''#
#''Q===Q''#
#''''Q''''#
#'''''''''#
###########