topleft=1,1
level=0
--
#######################################
#           #                         #
# ### ##### # ###################]#####
#Z#T#     #   #           #       #   #
# # # #########G### # ### # ####### # #
#   #       ###G#   #   # #   #   # # #
########### ###G##  ### ##### # # # # #
##### . #   ##B B#    # #   # # #   # #
###m#.+.######B B#### # # # # ### # ###
#   # . #   ##B B#  #   # # #   # #   #
# #]###]#   ### ##  ###[# # ###   ### #
# #%#   #   #   [     # o #     # # # # 
# ### # ###[#   ################### # #
# #   #   # #             #       #   #
# # ##### # #####     ###]#       #####
# # #     # #   #   ###   #           #
# # # #####[### #####m#]#[###>####### #
#   # #       #     #   #   #      o# #
#######]##### #S#####]#[#   #########[#
#     [ #   # #   #o  # #       #     #
#  #### #   # #   #m  # ###     #   #[#
#  #  #     # #   #o  # ###     [   # #
#  #  #     # #   #m  # #########   # #
#  #  #     # #   ##  # B##     #   # #
#  #S####   # ##[###  #G###     ##### #
#  #    #   # #       #   [     #   # #
#  #  #[#   # # #######   #     #   # #
#  #  # #   # # #         #     [   # #
#  #### #   #   #     #############[# #
#     # [   #   #     #     [       # #
#   ###]#########[#####     #       # #
#\\\#           #     [     #       # #
##### ######### #######[#G#[#####   # #
#     #         # #     # #     #   # #
# ######### ##### # =   # # ooo ##### #
# ##      #       #   = # # ooo #     #
# #m      ####### #  =  # # ooo #     #
# ]        @#     #     # #     #     #
#####################m###\###m#########