topleft=1,1
botright=43,41
level=0
-
###m#####################################$$
#%]   #       #           [             #$$
##### # ### # #[#########[#   ###########$$
# # # #   # # #   #   #   #   #         #$$
# # # # # # # #   #   #   #####   ##### #$$
#   # # # # # #   #   #     #     #   [ #$$
### # ### # # #[###   #   ###[###[#   # #$$
#   #   # # #   # [   [   #   #   #   # #$$
# ##### # # ##### #########   [   #   # #$$
#         # #     #   [   #   #   [   # #$$
# ### # #####[#[### ### ? ##m]#####   [ #$$
#   # #   #   #   # # #   ###    \# ### #$$
###########   #   # # ###]#%###XS#### + #$$
# # [ # [ #   #   # #  #m      ox   # #%#$$
# # # # # #   #   # #  ############ # ###$$
# [ # [ # [   #   # #       [ [   # # #U#$$
# ################# #       # #   ### #S###
# #   [     #     [ #       # #     # S)SU#
# #   #     #     ##### ##### #     # #S###
# #   #     #     #   # #     #     # S)SU#
# #   ##### #     # # # # #####[#[#[# #S###
# [   #   # [     # # # # #     # # # #U#$$
# ##### # ######### # # # #     # # # #S#$$
# #     #   G #.#   #]# #[#     # # # #%#$$
### #########G#.# ### ### ####### # # ###$$
#   #  ) )  # #S# ##mo [ % [    [ # #   #$$
# ### # # # #     ####### #####[####### #$$
#   b # # # #######   # #[#   #       # #$$
### #)  U  )#         # [ #   #       # #$$
#   # # # # #         # # [   #       # #$$
# ### # # # ###[#####[#[#####[#     ### #$$
#   #  ) )  b # #   #   #     #     #   #$$
###G######### ### # #   #     #     # ###$$
m       #   #\#   # ##  #     #     # #U#$$
#X#####G# # ### ###  ####     #####[# #S#$$
# #   #   # #   ####    #           # S)#$$
# # # ##### # ####b## ? ############# #S#$$
# # #       #   #D  #   [ zt  [ #(SU# S)#$$
#o# ###########G#   ##### zzz # #S###G#S#$$
#\#             [  DSzz\#     #       P #$$
##################b######################$$
-
topleft=31,11
botright=36,17
level=1
-
######
# T  #
Sr## #
# r  #
# ## #
# T  #
######
-
topleft=39,13
botright=41,25
level=1
-
###
#%#
# #
# #
# #
# #
# #
# #
# #
# #
# #
#%#
###
-
topleft=27,12
botright=30,14
level=1
-
####
#% S
####
-
topleft=1,33
botright=4,37
level=1
-
###
#T#
# #
# #
###