topleft=1,1
level=0
--
###m#####################################$$$$$$$$$$$$$$$$$$$$$$$$$$$$$$$$$$$$$$$
#%]   #       #           [             #$$$$$$$$$$$$$$$$$$$$$$$$$$$$$$$$$$$$$$$
##### # ### # #[#########[#   ###########$$$$$$$$$$$$$$$$$$$$$$$$$$$$$$$$$$$$$$$
# # # #   # # #   #   #   #   #         #$$$$$$$$$$$$$$$$$$$$$$$$$$$$$$$$$$$$$$$
# # # # # # # #   #   #   #####   ##### #$$$$$$$$$$$$$$$$$$$$$$$$$$$$$$$$$$$$$$$
#   # # # # # #   #   #     #     #   [ #$$$$$$$$$$$$$$$$$$$$$$$$$$$$$$$$$$$$$$$
### # ### # # #[###   #   ###[###[#   # #$$$$$$$$$$$$$$$$$$$$$$$$$$$$$$$$$$$$$$$
#   #   # # #   # [   [   #   #   #   # #$$$$$$$$$$$$$$$$$$$$$$$$$$$$$$$$$$$$$$$
# ##### # # ##### #########   [   #   # #$$$$$$$$$$$$$$$$$$$$$$$$$$$$$$$$$$$$$$$
#         # #     #   [   #   #   [   # #$$$$$$$$$$$$$$$$$$$$$$$$$$$$$$$$$$$$$$$
# ### # #####[#[### ### ? ##m]#####   [ #$$$$$$$$$$$$$######$$$$$$$$$$$$$$$$$$$$
#   # #   #   #   # # #   ###    \# ### #$$$$$$$$$$$$$# T  #$$$$$$$$$$$$$$$$$$$$
###########   #   # # ###]#%###XS#### + #$$$$###$$$$$$#r## #$$$$$$$$$$$$$$$$$$$$
# # [ # [ #   #   # #  #m      ox   # #%#$$$$#%#$$$$$$# r  #$$$$$$$$$$$$$$$$$$$$
# # # # # #   #   # #  ############ # ###$$$$# #$$$$$$# ## #$$$$$$$$$$$$$$$$$$$$
# [ # [ # [   #   # #       [ [   # # #U#$$$$# #$$$$$$# T  #$$$$$$$$$$$$$$$$$$$$
# ################# #       # #   ### #S###$$# #$$$$$$######$$$$$$$$$$$$$$$$$$$$
# #   [     #     [ #       # #     # S)SU#$$# #$$$$$$$$$$$$$$$$$$$$$$$$$$$$$$$$
# #   #     #     ##### ##### #     # #S###$$# #$$$$$$$$$$$$$$$$$$$$$$$$$$$$$$$$
# #   #     #     #   # #     #     # S)SU#$$# #$$$$$$$$$$$$$$$$$$$$$$$$$$$$$$$$
# #   ##### #     # # # # #####[#[#[# #S###$$# #$$$$$$$$$$$$$$$$$$$$$$$$$$$$$$$$
# [   #   # [     # # # # #     # # # #U#$$$$# #$$$$$$$$$$$$$$$$$$$$$$$$$$$$$$$$
# ##### # ######### # # # #     # # # #S#$$$$# #$$$$$$$$$$$$$$$$$$$$$$$$$$$$$$$$
# #     #   G #.#   #]# #[#     # # # #%#$$$$#%#$$$$$$$$$$$$$$$$$$$$$$$$$$$$$$$$
### #########G#.# ### ### ####### # # ###$$$$###$$$$$$$$$$$$$$$$$$$$$$$$$$$$$$$$
#   #  ) )  # #S# ##mo [ % [    [ # #   #$$$$$$$$$$$$$$$$$$$$$$$$$$$$$$$$$$$$$$$
# ### # # # #     ####### #####[####### #$$$$$$$$$$$$$$$$$$$$$$$$$$$$$$$$$$$$$$$
#   b # # # #######   # #[#   #       # #$$$$$$$$$$$$$$$$$$$$$$$$$$$$$$$$$$$$$$$
### #)  U  )#         # [ #   #       # #$$$$$$$$$$$$$$$$$$$$$$$$$$$$$$$$$$$$$$$
#   # # # # #         # # [   #       # #$$$$$$$$$$$$$$$$$$$$$$$$$$$$$$$$$$$$$$$
# ### # # # ###[#####[#[#####[#     ### #$$$$$$$$$$$$$$$$$$$$$$$$$$$$$$$$$$$$$$$
#   #  ) )  b # #   #   #     #     #   #$$$$$$$$$$$$$$$$$$$$$$$$$$$$$$$$$$$$$$$
###G######### ### # #   #     #     # ###$$$$$$$$$###$$$$$$$$$$$$$$$$$$$$$$$$$$$
m       #   #\#   # ##  #     #     # #U#$$$$$$$$$#T#$$$$$$$$$$$$$$$$$$$$$$$$$$$
#X#####G# # ### ###  ####     #####[# #S#$$$$$$$$$# #$$$$$$$$$$$$$$$$$$$$$$$$$$$
# #   #   # #   ####    #           # S)#$$$$$$$$$# #$$$$$$$$$$$$$$$$$$$$$$$$$$$
# # # ##### # ####b## ? ############# #S#$$$$$$$$$###$$$$$$$$$$$$$$$$$$$$$$$$$$$
# # #       #   #D  #   [ zt  [ #(SU# S)#$$$$$$$$$$$$$$$$$$$$$$$$$$$$$$$$$$$$$$$
#o# ###########G#   ##### zzz # #S###G#S#$$$$$$$$$$$$$$$$$$$$$$$$$$$$$$$$$$$$$$$
#\#             [  DSzz\#     #       P #$$$$$$$$$$$$$$$$$$$$$$$$$$$$$$$$$$$$$$$
##################b######################$$$$$$$$$$$$$$$$$$$$$$$$$$$$$$$$$$$$$$$
$$$$$$$$$$$$$$$$$$$$$$$$$$$$$$$$$$$$$$$$$$$$$$$$$$$$$$$$$$$$$$$$$$$$$$$$$$$$$$$$
$$$$$$$$$$$$$$$$$$$$$$$$$$$$$$$$$$$$$$$$$$$$$$$$$$$$$$$$$$$$$$$$$$$$$$$$$$$$$$$$
$$$$$$$$$$$$$$$$$$$$$$$$$$$$$$$$$$$$$$$$$$$$$$$$$$$$$$$$$$$$$$$$$$$$$$$$$$$$$$$$
$$$$$$$$$$$$$$$$$$$$$$$$$$$$$$$$$$$$$$$$$$$$$$$$$$$$$$$$$$$$$$$$$$$$$$$$$$$$$$$$
$$$$$$$$$$$$$$$$$$$$$$$$$$$$$$$$$$$$$$$$$$$$$$$$$$$$$$$$$$$$$$$$$$$$$$$$$$$$$$$$
$$$$$$$$$$$$$$$$$$$$$$$$$$$$$$$$$$$$$$$$$$$$$$$$$$$$$$$$$$$$$$$$$$$$$$$$$$$$$$$$
$$$$$$$$$$$$$$$$$$$$$$$$$$$$$$$$$$$$$$$$$$$$$$$$$$$$$$$$$$$$$$$$$$$$$$$$$$$$$$$$
$$$$$$$$$$$$$$$$$$$$$$$$$$$$$$$$$$$$$$$$$$$$$$$$$$$$$$$$$$$$$$$$$$$$$$$$$$$$$$$$
$$$$$$$$$$$$$$$$$$$$$$$$$$$$$$$$$$$$$$$$$$$$$$$$$$$$$$$$$$$$$$$$$$$$$$$$$$$$$$$$
$$$$$$$$$$$$$$$$$$$$$$$$$$$$$$$$$$$$$$$$$$$$$$$$$$$$$$$$$$$$$$$$$$$$$$$$$$$$$$$$
$$$$$$$$$$$$$$$$$$$$$$$$$$#######$$$$$$$$$$$$$$$$$$$$$$$$$$$$$$$$$$$$$$$$$$$$$$$
$$$$$$$$$$$$$$$$$$$$$$$$$$#%    #$$$$$$$$$$$$$$$$$$$$$$$$$$$$$$$$$$$$$$$$$$$$$$$
$$$$$$$$$$$$$$$$$$$$$$$$$$#######$$$$$$$$$$$$$$$$$$$$$$$$$$$$$$$$$$$$$$$$$$$$$$$
