topleft=1,1
level=0
--
#############P###########################$$$$$#############$$$$$$$$$$$$$$$$$$$$$
#   S   #   # ]           [ t     #     #$$$$$   t_       #$$$$$$$$$$$$$$$$$$$$$
## ## ### # # #S##S#####S## t ttt #   # #$$$$$#####       #$$$$$$$$$$$$$$$$$$$$$
## ##   S # S #SSSS##\ SS##   t   #   # #$$$$$$$$$#       #$$$$$$$$$$$$$$$$$$$$$
## ## ### # # #########S#######]###]### #$$$$$$$$$#####]###$$$$$$$$$$$$$$$$$$$$$
## ##   # # # [       #S#S#SSS# ### #   #$$$$$$$$$$$$$###$$$$$$$$$$$$$$$$$$$$$$$
##S############ ##### #SSSSS#S# #m# # # #$$$$$$$$$$$$$$$$$$$$$$$$$$$$$$$$$$$$$$$
#               #     #####S#S#     # # #$$$$$$$$$$$$$$$$$$$$$$$$$$$$$$$$$$$$$$$
#################[###########S####### # #$$$$$$$$$$$#####$$$$$$$$$$$$$$$$$$$$$$$
#oX     # # #   t   #       #S#   #   # #$$$$$$$$$$$#  T#$$$$$$$$$$$$$$$$$$$$$$$
# ##### #S#S# # ttt # ##### #S#S###[#####$$$$$$$$$$$#####$$$$$$$$$$$$$$$$$$$$$$$
# #%# #   #   #   t # #m  # #S# T T T T #$$$$$$$$$$$$$$$$$$$$$$$$$$$$$$$$$$$$$$$
# #[#S### # #m### t # ### # # #T T T T T#$$$$$$$$$$$###$$###$$$$$$$$$$$$$$$$$$$$
# #       # #####   #   # # #\# T T T T #$$$$$$$$$$##T#$$#\#$$$$$$$$$$$$$$$$$$$$
#X######### ########### # # #######]#####$$$$$$$$$$#  #$##S##$$$$$$$$$$$$$$$$$$$
#o        Xo###       #   # #           #$$$$$$$$$$##b#$#T  #$$$$$$$$$$$$$$$$$$$
############### ##### ##### #           #$$$$$$$$$$$###$#####$$$$$$$$$$$$$$$$$$$
#         ##### #   # #     #           #$$$$$$$$$$$$$$$$$$$$$$$$$$$$$$$$$$$$$$$
# #######       ### # # #######         #$$$$$$$$$$$$$$$$$$$$$$$$$$$$$$$$$$$$$$$
# # # S # #####     # #       [         #$$$$$$$$$$$$$$$$$$$$$$$$$$$$$$$$$$$$$$$
# #   # ###   ####### #########         #$$$$$$$$$$$$$$$$$$$$$$$$$$$$$$$$$$$$$$$
# ### # #r# #   # \ # #     #######[#####$$$$$$$$$$$$$$$$$$$$$$$$$$$$$$$$$$$$$$$
# #   # # # ### # # # # ### #####'''''''#$$$$$$$$$$$$$$$$$$$$$$$$$$$$$$$$$$$$$$$
# S # # # # ### > G S # #   #   #'''''''#$$$$$$$$$$$$$$$$$$$$$$$$$$$$$$$$$$$$$$$
# ##### # # ### ##### # #]#m# # #'''''''#$$$$$$$$$$$$$$$$$$$$$$$$$$$$$$$$$$$$$$$
# #     # #   #     #t# #%### # ###m#####$$$$$$$$$$$$$$$$$$$$$$$$$$$$$$$$$$$$$$$
#]# ### #S### ####S## # ###   # #########$$$$$$$$$$$$$$$$$$$$$$$$$$$$$$$$$$$$$$$
#]# #m# #   #   ## m# #>#   ###   #'''''#$$$$$$$$$$$$$$$$$$$$$$$$$$$$$$$$$$$$$$$
#]# ### # # ##   #### #G# ####### #'''''#$$$$$$$$$$$$$$$$$$$$$$$$$$$$$$$$$$$$$$$
#]#     # #  ###      #>#   ##### #'''''#$$$$$$$$$$$$$$$$$$$$$$$$$$$$$$$$$$$$$$$
# ### ### ## ##########G### ##### #[#####$$$$$$$$$$$$$$$$$$$$$$$$$$$$$$$$$$$$$$$
# ZT# #   #     #r# ###     #     #     #$$$$$$$$$$$$$$$$$$$$$$$$$$$$$$$$$$$$$$$
# ### # ####### # # ###BBB### ########  #$$$$$$$$$$$$$$$$$$$$$$$$$$$$$$$$$$$$$$$
# # # #       # S #   #####   #      #  #$$$$$$$$$$$$$$$$$$$$$$$$$$$$$$$$$$$$$$$
# # # ###S### ####### ##### ### #[####  #$$$$$$$$$$$$$$$$$$$$$$$$$$$$$$$$$$$$$$$
# #     # #   #     #     #   # #       #$$$$$$$$$$$$$$$$$$$$$$$$$$$$$$$$$$$$$$$
# #######r# ###[### ##### ### # ######  #$$$$$$$$$$$$$$$$$$$$$$$$$$$$$$$$$$$$$$$
# #r    ### #T   T# ]   #     # S    #  #$$$$$$$$$$$$$$$$$$$$$$$$$$$$$$$$$$$$$$$
# #####S#   #     ##m   ####### ######  #$$$$$$$$$$$$$$$$$$$$$$$$$$$$$$$$$$$$$$$
#         # #T   T###           #       #$$$$$$$$$$$$$$$$$$$$$$$$$$$$$$$$$$$$$$$
#########################################$$$$$$$$$$$$$$$$$$$$$$$$$$$$$$$$$$$$$$$
$$$$$$$$$$$$$$$$$$$$$$$$$$$$$$$$$$$$$$$$$$$$$$$$$$$$$$$$$$$$$$$$$$$$$$$$$$$$$$$$
$$$$$$$$$$$$$$$$$$$$$$$$$$$$$$$$$$$$$$$$$$$$$$$$$$$$$$$$$$$$$$$$$$$$$$$$$$$$$$$$
$$$$$$$$$$$$$$$$$$$$$$$$$$$$$$$$$$$$$$$$$$$$$$$$$$$$$$$$$$$$$$$$$$$$$$$$$$$$$$$$
$$$$$$$$$$$$$$$$$$$$$$$$$$$$$$$$$$$$$$$$$$$$$$$$$$$$$$$$$$$$$$$$$$$$$$$$$$$$$$$$
$$$$$$$$$$$$$$$$$$$$$$$$$$$$$$$$$$$$$$$$$$$$$$$$$$$$$$$$$$$$$$$$$$$$$$$$$$$$$$$$
$$$$$$$$$$$$$$$$$$$$$$$$$$$$$$$$$$$$$$$$$$$$$$$$$$$$$$$$$$$$$$$$$$$$$$$$$$$$$$$$
$$$$$$$$$$$$$$$$$$$$$$$$$$$$$$$$$$$$$$$$$$$$$$$$$$$$$$$$$$$$$$$$$$$$$$$$$$$$$$$$
$$$$$$$$$$$$$$$$$$$$$$$$$$$$$$$$$$$$$$$$$$$$$$$$$$$$$$$$$$$$$$$$$$$$$$$$$$$$$$$$
$$$$$$$$$$$$$$$$$$$$$$$$$$$$$$$$$$$$$$$$$$$$$$$$$$$$$$$$$$$$$$$$$$$$$$$$$$$$$$$$
$$$$$$$$$$$$$$$$$$$$$$$$$$$$$$$$$$$$$$$$$$$$$$$$$$$$$$$$$$$$$$$$$$$$$$$$$$$$$$$$
$$$$$$$$$$$$$$$$$$$$$$$$$$$$$$$$$$$$$$$$$$$$$$$$$$$$$$$$$$$$$$$$$$$$$$$$$$$$$$$$
$$$$$$$$$$$$$$$$$$$$$$$$$$$$$$$$$$$$$$$$$$$$$$$$$$$$$$$$$$$$$$$$$$$$$$$$$$$$$$$$
$$$$$$$$$$$$$$$$$$$$$$$$$$$$$$$$$$$$$$$$$$$$$$$$$$$$$$$$$$$$$$$$$$$$$$$$$$$$$$$$
$$$$$$$$$$$$$$$$$$$$$$$$$$$$$$$$$$$$$$$$$$$$$$$$$$$$$$$$$$$$$$$$$$$$$$$$$$$$$$$$
$$$$$$$$$$$$$$$$$$$$$$$$$$$$$$$$$$$$$$$$$$$$$$$$$$$$$$$$$$$$$$$$$$$$$$$$$$$$$$$$
$$$$$$$$$$$$$$$$$$$$$$$$$$$$$$$$$$$$$$$$$$$$$$$$$$$$$$$$$$$$$$$$$$$$$$$$$$$$$$$$
$$$$$$$$$$$$$$$$$$$$$$$$$$$$$$$$$$$$$$$$$$$$$$$$$$$$$$$$$$$$$$$$$$$$$$$$$$$$$$$$
$$$$$$$$$$$$$$$$$$$$$$$$$$$$$$$$$$$$$$$$$$$$$$$$$$$$$$$$$$$$$$$$$$$$$$$$$$$$$$$$
$$$$$$$$$$$$$$$$$$$$$$$$$$$$$$$$$$$$$$$$$$$$$$$$$$$$$$$$$$$$$$$$$$$$$$$$$$$$$$$$
$$$$$$$$$$$$$$$$$$$$$$$$$$$$$$$$$$$$$$$$$$$$$$$$$$$$$$$$$$$$$$$$$$$$$$$$$$$$$$$$
$$$$$$$$$$$$$$$$$$$$$$$$$$$$$$$$$$$$$$$$$$$$$$$$$$$$$$$$$$$$$$$$$$$$$$$$$$$$$$$$
$$$$$$$$$$$$$$$$$$$$$$$$$$$$$$$$$$$$$$$$$$$$$$$$$$$$$$$$$$$$$$$$$$$$$$$$$$$$$$$$
$$$$$$$$$$$$$$$$$$$$$$$$$$$$$$$$$$$$$$$$$$$$$$$$$$$$$$$$$$$$$$$$$$$$$$$$$$$$$$$$
$$$$$$$$$$$$$$$$$$$$$$$$$$$$$$$$$$$$$$$$$$$$$$$$$$$$$$$$$$$$$$$$$$$$$$$$$$$$$$$$
$$$$$$$$$$$$$$$$$$$$$$$$$$$$$$$$$$$$$$$$$$$$$$$$$$$$$$$$$$$$$$$$$$$$$$$$$$$$$$$$
$$$$$$$$$$$$$$$$$$$$$$$$$$$$$$$$$$$$$$$$$$$$$$$$$$$$$$$$$$$$$$$$$$$$$$$$$$$$$$$$
$$$$$$$$$$$$$$$$$$$$$$$$$$$$$$$$$$$$$$$$$$$$$$$$$$$$$$$$$$$$$$$$$$$$$$$$$$$$$$$$
$$$$$$$$$$$$$$$$$$$$$$$$$$$$$$$$$$$$$$$$$$$$$$$$$$$$$$$$$$$$$$$$$$$$$$$$$$$$$$$$
$$$$$$$$$$$$$$$$$$$$$$$$$$$$$$$$$$$$$$$$$$$$$$$$$$$$$$$$$$$$$$$$$$$$$$$$$$$$$$$$
$$$$$$$$$$$$$$$$$$$$$$$$$$$$$$$$$$$$$$$$$$$$$$$$$$$$$$$$$$$$$$$$$$$$$$$$$$$$$$$$
$$$$$$$$$$$$$$$$$$$$$$$$$$$$$$$$$$$$$$$$$$$$$$$$$$$$$$$$$$$$$$$$$$$$$$$$$$$$$$$$
$$$$$$$$$$$$$$$$$$$$$$$$$$$$$$$$$$$$$$$$$$$$$$$$$$$$$$$$$$$$$$$$$$$$$$$$$$$$$$$$
$$$$$$$$$$$$$$$$$$$$$$$$$$$$$$$$$$$$$$$$$$$$$$$$$$$$$$$$$$$$$$$$$$$$$$$$$$$$$$$$
$$$$$$$$$$$$$$$$$$$$$$$$$$$$$$$$$$$$$$$$$$$$$$$$$$$$$$$$$$$$$$$$$$$$$$$$$$$$$$$$
$$$$$$$$$$$$$$$$$$$$$$$$$$$$$$$$$$$$$$$$$$$$$$$$$$$$$$$$$$$$$$$$$$$$$$$$$$$$$$$$
$$$$$$$$$$$$$$$$$$$$$$$$$$$$$$$$$$$$$$$$$$$$$$$$$$$$$$$$$$$$$$$$$$$$$$$$$$$$$$$$
$$$$$$$$$$$$$$$$$$$$$$$$$$$$$$$$$$$$$$$$$$$$$$$$$$$$$$$$$$$$$$$$$$$$$$$$$$$$$$$$
$$$$$$$$$$$$$$$$$$$$$$$$$$$$$$$$$$$$$$$$$$$$$$$$$$$$$$$$$$$$$$$$$$$$$$$$$$$$$$$$
$$$$$$$$$$$$$$$$$$$$$$$$$$$$$$$$$$$$$$$$$$$$$$$$$$$$$$$$$$$$$$$$$$$$$$$$$$$$$$$$
