topleft=1,1
botright=41,40
level=0
--
*'''*''''''''#######''''''########''''''*
''''''########Ll  d#'''''=[ rrr  #####'''
#######P#f#P#      #'''''=# rrr  [   #'''
#p   p#     #      #'''*'=+ #P####   #'''
#     #  r  [      #'*'''=#####     L#'''
# hAh #  r  #     I#'''''=''#f Ah ####'''
#     [  r  #  #+###'''''=''##    +''''||
#     #p   p####'============##[###'''|||
#    p###+###=====##+##'''''====''''|||||
#[#+###''=====#####   ##+##'=''*'|||||||*
'=========#####p [    #  ##'=''''''||||||
#####'''''#I  h  ####[#  E#'=''''''''||||
#   #''*''+  hA   p#     E#'=######+#####
#   #''''|#       ##[##  ##'=#p        p#
#   ]'''||#Ll #####'='#####'=#          #
#####''|||#####'''''=========#  ######  #
''''''||||||''''=====''''''''#  #    [  #
####+###|||'''''=''''#########[##    ####
#L     #||'''*''=''''#p hAh     [    #'''
#l     #|'''''''=''*'+          #    +'''
#d     #######''=''''#    #######Lld #'''
#      [     +''=''''#    [     ######'''
##[#####     #''=''''######     +''''''''
##   ###     [====='''''''###[###'''''*''
#P   #I     p#''''============'''''''''''
##   #I   ####''''=''''#####+########+##'
####[###[##'''''''=====#p          [   #'
##    h   #'''##+#[##'=#      h##### r #'
#f   hAh  +'''#D D D#'=#     hA#   [   #'
##        #'*'# D D #'=#   ##### r ##[##'
##[######[#'''#D D D#'=#   #   [   #   #'
#    #    #'''#######'=#[### r #####   #'
#d   #    #''*''''''''=#   [   #Ah     #'
#l   #    #'''''''''===[ r #####h      #'
#L   #    [==========''#   [          p#'
##+####+###'''''*'''@''##+########+#####'
'''''''''''''''''''''''''''''''''''*'''''
''''*''''''*''''''''''''*''''''''''''''''
'''''''''''''''''''''''''''''*''''''''*''
*'''''*''''''''''*''''''''''''''''''''''*