topleft=1,1
level=0
--
OOOOOOOOOOOOOOOOOOOOOOOOOOOOOOOOOOOOOOOO
OOOOOO=[=====OOOOOOOOOOO=============OOO
OOOO===OOOOO=OOOOO=======OOOOO=OOOOOOOOO
OO======OOOO=OOOOO=OOOOO=O=OOO======OOOO
OO======OOOO=OOOOO=OOOOO=O=OOO=O====OOOO
OOOO===OOO=========OOOOO=O=====OOO===OOO
OOOOOOOOOO=OOOOOOOOOOOOO=OO=OOOOOOO==OOO
OOOOOOO====OOO===========OO=OOOOOOOO===O
OOOOOOO=OOOOOO=OOOOOOOOOOOOOOOOOOOOOOO=O
OOO=====OO===========OOOOOO=======OOOO=O
OOOO===OOO=OOO=OOOOO============O==OOO=O
OOOOO==OOO=OOOOOOOOO=OOOO=======OO=OOO=O
O  OOO=OOO========OO=OOOO====OOOOO==OO=O
O   OOOOOOOOOOOOO=OO=OOOOOO==========O=O
O   OOOOOO====OOO=OO=OOOOOOOOOOOOOOOOO=O
O    OOOOOO===OOO=OO=OO=======OOOOOOO==O
O     OOO=OOO=OOO=OOOOO=OOOOO=====OO===O
O    DOOO=OOO=OOO=======OOOOOOO===OOOO=O
O   OOOOO=OOO=OOOOOOOOO=OOOOOOOO=====OOO
OOO=======OOO=======OOO=OOOOOOOOOO===~OO
OOOOOOOOO=OOOOOOO==OOOO=OOOOOOOOOOOOOOOO
OOOOOOOOO=OOOOOO============OOO========O
OOOOOOOOO=OOOOOOO===OOOOOOO=O===OOOOOO=O
OOOO==========OOOOOOOOOOOOO=OOOOOOOOOO=O
OOOO=OOOOOOOOOOOOOOOOOOOOOO=OOOO=======O
OOOO=OOOOOOO======OOOOOOOOO=OOOO=OOOOOOO
OOO=====OO====OOO=OOOOOOOO=======OOO===O
OOOOOO=OOO====OOO=OOO======OOOOOOOOO=O=O
OOOOOO=OOOOOOOOOO=====OOOOOOOOOOOOOO=O=O
OO=OOO=OOOOOO=====OOOOOOOOOO=====OOO=O=O
OO========OOO=OOOOOO=========OOOOOOO=O=O
OO=OOOOOOOOOO=OOOOOOOOOOOOOO=OOOOOOO=O=O
OO=OOOOOOOOOO=OOOOOOOOOO=============O=O
OO=OOOOOOOOOO======OOOOOOOOO=OOOOOO=OOOO
OO=OOOO=OOOOOO=OOOOOOOOOOOOO=OO==OO=OO=O
OO======OOO========OOOOOOOOO=OO=OOO=OO=O
OOOOOOO=OOO=OOOOOO===========OO=OOO=OO=O
OOOOOOO=OOO=OOOOOOOO=OOOOOOOOOO=====OO=O
OOOOO=======OOOOOOOO@OOOOOOOOOOOOOO====O
OOOOOOOOOOOOOOOOOOOOOOOOOOOOOOOOOOOOOOOO