topleft=1,1
level=0
--
^^^^^^^^^^^^^^^^^^^^^^^^^^^^^^^^^^^^^^^^^^^^^^^^^^^^^^^^^^^^^^^^^^^^^^^^^^^^^^^^
^^^^^^^^^^^^^^^^^^^^^^^^^^^^^^^^^^^^^^^^^^^^^^^^^^^^^^^^^^^^^^^^^^^^^^^^^^^^^^^^
^^^^^^^^^^^^^^^^^^^^^^^^^^^^^^^^^^^^^^^^^^^^^^^^^^^^^^^^^^^^^^^^^^^^^^^^^^^^^^^^
^^^^^^^^^^^^^^^^^^^^^^^^^^^^^^^^^^^^^^^^^^^^^^^^^^^^^^^^^^^^^^^^^^^^^^^^^^^^^^^^
^^^^^^^^^^~~^^^^^^^^^^^^^^^^^^^^^^^^^^^^^^^^^^^^^^^^^^^^^^^^^^^^^^^^^^^^^^^^^^^^
^^^^^^^^~~~~~^^^^^^^^^^^^^^^^^^^^^^^^^^^^^^^^^^^^^^^^^^^^^^^^^^^^^^^^^^^^^^^^^^^
^^^^^V!!!~~~~~~~~^^~~''''''^^~~~~~~^^''''''^^^^^^^^^^^^^^^^^^^^^^^^^^^^^nnn^^^^^
^^^^^!!!!~~~~~~~~~~~~''''''^^~~~~~~^^''''''^^^^^^^^^^^^^^^^^^^^^^^^^^^^nnnn^^^^^
^^^^^****~~~~''''~~''''''''''''~~''''''''''''~~~~~~^^^^~~~~^||||||^~~~~nnHn^^^^^
^^^^^****~~~~''''~~''''''''''''~~''''''''''''~~~~~~^^^^~~~~||||||||~~~~nnn^^^^^^
^^^^^'''=''''''''~~''''''''''~~~~''''''''''''''~~~~~~~~~~||||||~~~~~~||||||^^^^^
^^^^^'''=''''''''~~''''''''''~~~~''''''''''''''~~~~~~~~~~||||||~~~~~~||||||^^^^^
^^^^^^^'=nnnn''''''''''''''''~~''''''''''''''''~~~~''''~~~~~~||**||||||~~^^^^^^^
^^^^^^^'=nnnn'''''''''''''''~~~''''''''''''''''~~~~''''~~~~~~||**||||||~~^^^^^^^
^^^^^^^'=nnnn''''''''''''~~~~~~~~''''''''''''~~~~||''''''''||||~~~~~~||~~~~^^^^^
^^^^^^^'=nnnn''''''''''''~~~~~~~~~'''''''''''~~~~||''''''''||||~~~~~~||~~~~^^^^^
^^^^^'''=**''''**''''''~~~~~~~~~~~~~:'*''''::::**||||||''''''''~~||~~~~~~~~^^^^^
^^^^^'''=**''''**''''''~~~~~~~~~~~~::''''''::::**||||||''''''''~~||~~~~~~~~^^^^^
^^^^^^^'=''''''''''''~~~~~~~H~~~~~~~:''''''''nn::::||||~~~~''''~~||~~~~~~~~^^^^^
^^^^^^^'=='''''''''''~~~~~~~~~~~~~~::''''''''nn::::||||~~~~''''~~||~~~~~~~~^^^^^
^^^^^^^''==''|||||''''~~~~~~~~~~~~~~~::''''''''::::''''''~~''::::::~~~~~~^^^^^^^
^^^^^^^'''===?|||||''''~~~~~~~~~~~~~:::''''''''::::''''''~~''::::::~~~~~~^^^^^^^
^^^^^^^~~~~~-~~~~~''''''~~~~~~~~~~'''::''''''''''''~~~~~~~~~~::::~~~~^^^^^^^^^^^
^^^^^^^|||||=||||~~''''''''~~~~~~''''::''''''''''''~~~~~~~~~~::::~~~~^^^^^^^^^^^
^^^^^|||||||=||||~~''''''''nn''nn||||''||''''''~~~~~~!!!!!!''~~~~^^^^^^^^^^^^^^^
^^^^^|||||||=|||||~~'''''''nn''nn||||''||''''''~~~~~~!!!!!!''~~~~^^^^^^^^^^^^^^^
^^^^^|||||||=||||||~~'MMMMMMMMMMMM|||||||''''~~~~''''''##[###~~^^^^^^^^^MM^^^^^^
^^^^^|||||||=|||||||~MMMMMMMMMMMMMM||||||''''~~~~''''''#''''#~~^^^^^^^^MMMM^^^^^
^^^^^|||||||=|||||||~MMM~~MMMM~~~MMM|||::::~~~~''''''==[====V~~~~~~^^^^MMMM^^^^^
^^^^^|||||||=|||||||~MM~~~~~M~~M~MMMM||::::~~~~'''''=='#''''#~~~~~~~~~~MMMn^^^^^
^^^^^||Y|||==|||||||~MM~~MM~~~MM~~~MM'''''''*''''''==''#''''#~~~~^^^^^^MMM|^^^^^
^^^^^|||||||=|||||**~MM~MMMMMMMMM~~MM''''''****''''='''######~~~^^^^^^^^M''^^^^^
^^^^^|||||||=|||||W~~~~~MMMMMMV~~~MMM||||||''*'''''='''''''~~~~~~^^^^^^^^^^^^^^^
^^^^^|||||||=|||||~~MMMMMMMMMMMMMMM||||||||''**'''=='''''''~~~~~^^^^^^^^^^^^^^^^
^^^^^^||||||=|||||~~''''MMMMMMMM'||||||||||||||**'=''''''''''''^^^^^^^^||||^^^^^
^^^^^^~~~~~~-~~~~~~~'''''''''''''||||||Q|||||||**==''''''''''''^^^^^^^^||||^^^^^
^^^^^^''''''=?'''''~~''''''''**||||||Q===Q|||||||=|||||''''~~~~~~^^^^||||||^^^^^
^^^^^^''''''=''''''~~''''''''**||||||=====|||||||=|||||''''~~~~~^^^^^||||||^^^^^
^^^^^'''''''='''''~~'**''''''''|||||Q=====Q||||||=||'''''''~~~~^^||||||||||^^^^^
^^^^^''''''''''''~~''**''''''''||||||=====|||||||=|''''''''~~~~^^||||||V|||^^^^^
^^^^^'''''''''''''~~'''''''''nn||||||Q===Q|||||||=='''*''''''~~^^||||||||||^^^^^
^^^^^''''''''''''''~~~~~~~~''nn||||||||Q||||||||||=='''''''''~~^^||||||||||^^^^^
^^^^^^^''''''''''''|||MMM~~~~~~~~||||||||||||||||''==''''''~~~~^^^^^^||||||^^^^^
^^^^^^^'''''''''''|||MMMMM~~~~~~~~|||||||||||||||'''=''''''~~~~^^^^^^||'|||^^^^^
^^^^^^^''''''''''||||MM||'''''~~~~~~~||||||||'''''*'=''||**~~~~^^^^^^^^^^^^^^^^^
^^^^^^^''''''''''||||MM||''''''~~~~~~||||||||''''**'=='||**~~~~^^^^^^^^^^^^^^^^^
^^^^^^^^^'''''''MMMMMMM'''''||||~~~~~~~~~~~~~''''||*'='||||||~~~~^^^^^''''^^^^^^
^^^^^^^^^''''''MMMMMMM'''''||||MM|MMMMMMM~~~~''''||**==||||||~~~~^^^^''''''^^^^^
^^^^^^^^^'''''MMM'''nnnnnn|||||MM|MMMMMMM||~~''''|||||-~~''||||||||~~~~''''^^^^^
^^^^^^^^^'''''MMM''nnnnnnnn||||MMZZZZZZZM||~~''''|||||=~~''||||||||~~~~~''^^^^^^
^^^^^^^::::::||MMMMMM''''nn||||MMZZZZZZZM||~~~~''*||||=~~''~~||||||||~~~~''^^^^^
^^^^^^^::::::|||MMMMM''''n|||||MMZZZ&ZZZM||~~~~'''*|||=~~''~~||||||||~~~~''^^^^^
^^^^^^^^^::||||||||MMM|''''||||MMZZZZZZZM||||~~''''''|=~~~~~~||||||||||~~~~^^^^^
^^^^^^^^^::|||||MM||MM||''''|||MMZZZZZZZM||||~~'''''''=~~~~~~||||||||||~~~~^^^^^
^^^^^~~:::MMMMMMMMM||||''''''||MMMMMM||MM||~~~~'''''''=''''~~||||||||||||~~^^^^^
^^^^^~~MMMMMMMMMMM|||||''''''||MMMMMM||MM||~~~~'''''''=''''~~~||||||||||||~^^^^^
^^^^^~~''''MM||~~|||||'''''''||||||||~~~~~~~~''||||'===''''''~~''''||||||||^^^^^
^^^^^~~'''''M||~~||||''''''''||||||||~~~~~~~~''||||==''''''''~~'''''||||||'^^^^^
^^^^^''''''||||~~''''''''''''''||''~~~~::''''''~~~~-~~~~~~~''~~~~''''||||~~^^^^^
^^^^^''''''||||~~''====='''''''||''~~~~::''''''~~~~='~~~~~~''~~~~''''||||~~^^^^^
^^^^^^^''''||~~~~===|||='''''''~~~~~~~~~~::''~~~~::==''''~~~~~~~~~~''''||~~^^^^^
^^^^^^^''''||~~~~='||||==''''''~~~~~~~~~~::''~~~~::'=='''~~~~~~~~~~''''||~~^^^^^
^^^^^^^^^||||~~'=='|||||=='~~~~~~~~~~~~~~~~~~~~::''''='''''''''''~~''''''~~^^^^^
^^^^^^^^^||||~~'=''||||||=='~~~~~~~~~~~~~~~~~~:::''''==='''''''''~~''''''~~^^^^^
^^^^^^^^^~~~~~~==||||||'''=''''~~~~~~~~~~~~::::||:MMMMM====''''''~~~~''''~~^^^^^
^^^^^^^^^~~~~~~='||||||'''='''''~~~~~~~~~~:::::||::MMMMMMM=='''''~~~~''''~~^^^^^
^^^^^^^''||||''='||||||'''===''~~~~~~~~~~::::||||||::MMMMMM=MMMMM~~~~~~^^^^^^^^^
^^^^^^'''||||''='||||||'''''=''~~~~~~~~~~::::||||||::MMMMMM=MMMMMM~~~~~^^^^^^^^^
^^^^^''''||''''='~~||||''||'=''''~~~~~~~~''''''||||''''''''=='#~~~~~~~~~~~~^^^^^
^^^^^''''||''''='~~||||''||'='''''~~~~~~~''''''||||'''''''''='#~~~~~~~~~~~~^^^^^
^^^^^^''''''''==''~~~||||||'=='''''~~~~'''''==================[====='!!!!!!^^^^^
^^^^^^^'''''''=''''~~||||||''==='''~''~'''===|||||||''''''''''#''''==!!!!!!^^^^^
^^^^^^^###'''==''~~~~''||||||||==''''''''==||||||||'''''''''''#'''''=====''^^^^^
^^^^^^^H[[===='''~~~~''||||||||'=========='||||||||'''''''''''#!!'====H'=''^^^^^
^^^^^^^###^^'''^^^^^^^^^^^^^^^^^^^^^^^^^^^^^^^^'''''''''''''''#!!|=''''''^^^^^^^
^^^^^^^^^^^^^^^^^^^^^^^^^^^^^^^^^^^^^^^^^^^^^^^^^^^^^^^^^^^^^^^^^^^^^^^^^^^^^^^^
^^^^^^^^^^^^^^^^^^^^^^^^^^^^^^^^^^^^^^^^^^^^^^^^^^^^^^^^^^^^^^^^^^^^^^^^^^^^^^^^
^^^^^^^^^^^^^^^^^^^^^^^^^^^^^^^^^^^^^^^^^^^^^^^^^^^^^^^^^^^^^^^^^^^^^^^^^^^^^^^^
^^^^^^^^^^^^^^^^^^^^^^^^^^^^^^^^^^^^^^^^^^^^^^^^^^^^^^^^^^^^^^^^^^^^^^^^^^^^^^^^
^^^^^^^^^^^^^^^^^^^^^^^^^^^^^^^^^^^^^^^^^^^^^^^^^^^^^^^^^^^^^^^^^^^^^^^^^^^^^^^^
--